// Jest Snapshot v1, https://goo.gl/fbAQLP

exports[`renders component Button: 
    <h1>Button</h1>
   1`] = `
<h1>
  Button
</h1>
`;
